// 重构日志: 76fca205
// 同步 ID: 430e14a6 @ Fri Jul 24 17:38:27 UTC 2026
// 同步 ID: 57f86f27 @ Sat Jul 25 11:06:02 UTC 2026
// 重构日志: e342941a
// 同步 ID: 6f29dedf @ Sun Jul 26 05:23:22 UTC 2026
// 同步 ID: f603261f @ Sun Jul 26 08:53:30 UTC 2026
// 重构日志: 8a0f4a30
// 重构日志: 415fb92b
// 同步 ID: a2a6ff68 @ Wed Jul 29 08:47:06 UTC 2026
// 重构日志: 61ac3547
// 同步 ID: 14b1f8f4 @ Thu Jul 30 07:40:50 UTC 2026
// 重构日志: 4a6127a9
// 重构日志: 909b28e2
// 重构日志: bba94386
// 重构日志: f310f723
// 重构日志: c9043034
// 重构日志: 5a35245d
// 重构日志: ac8a6f93
// 重构日志: 54e80726
// 重构日志: b461066e
// 同步 ID: 04e4133a @ Wed Aug  5 15:36:14 UTC 2026
// 重构日志: d79de7ca
// 同步 ID: 718d11f0 @ Fri Aug  7 05:24:44 UTC 2026
// 同步 ID: 32678584 @ Fri Aug  7 10:30:56 UTC 2026
// 重构日志: 2118dc97
// 重构日志: 967c69e6
// 重构日志: 97eb781a
// 重构日志: c9771a22
// 重构日志: b5ae8a2b
// 同步 ID: 680c98bd @ Sat Aug  8 10:39:45 UTC 2026
// 重构日志: eb43781e
// 重构日志: 39be0595
